[boot] API listening on 0.0.0.0:8787
[boot] RPC_URL=https://testnet-rpc.monad.xyz
[boot] BUNDLER=set
[boot] PAYMASTER=set
[api] >> d7fsjb GET /
[api] << d7fsjb GET / 304 6ms
[api] >> 6gzdj4 GET /api/delegate
[api] << 6gzdj4 GET /api/delegate 304 46ms
[api] >> wdclcb GET /api/diag
[api] << wdclcb GET /api/diag 200 643ms
[api] >> n4rwkq GET /api/delegate
[api] << n4rwkq GET /api/delegate 304 16ms
[api] >> ryxn62 GET /api/diag
[api] << ryxn62 GET /api/diag 200 214ms
[api] >> glnuu4 GET /api/delegate
[api] << glnuu4 GET /api/delegate 304 8ms
[api] >> c1p1bo GET /api/diag
[api] << c1p1bo GET /api/diag 200 295ms
[api] >> olg9ee GET /api/delegations/0x022b39bc36eacf22360f61247487e956812afe5e
[api] << olg9ee GET /api/delegations/0x022b39bc36eacf22360f61247487e956812afe5e 304 20ms
[api] >> sxfe4k GET /api/jobs
[api] << sxfe4k GET /api/jobs 304 3ms
[api] >> fhtr01 GET /api/delegations/0x022b39bc36eacf22360f61247487e956812afe5e
[api] << fhtr01 GET /api/delegations/0x022b39bc36eacf22360f61247487e956812afe5e 304 2ms
[api] >> nufrt7 GET /api/jobs
[api] << nufrt7 GET /api/jobs 304 1ms
[api] >> q76h65 GET /api/delegations/0x022b39bc36eacf22360f61247487e956812afe5e
[api] << q76h65 GET /api/delegations/0x022b39bc36eacf22360f61247487e956812afe5e 304 3ms
[api] >> 07f59f GET /api/jobs
[api] << 07f59f GET /api/jobs 304 1ms
[api] >> cws2yh GET /api/delegate
[api] << cws2yh GET /api/delegate 304 2ms
[api] >> 5a6eor GET /api/diag
[api] << 5a6eor GET /api/diag 200 603ms
[api] >> aw0n9h GET /api/delegate
[api] << aw0n9h GET /api/delegate 304 1ms
[api] >> zbyvse GET /api/diag
[api] << zbyvse GET /api/diag 304 285ms
[api] >> k3xofw GET /api/delegations/0x022b39bc36eacf22360f61247487e956812afe5e
[api] << k3xofw GET /api/delegations/0x022b39bc36eacf22360f61247487e956812afe5e 304 2ms
[api] >> hysi8p GET /api/jobs
[api] << hysi8p GET /api/jobs 304 0ms
[api] >> brvyja GET /api/delegations/0x022b39bc36eacf22360f61247487e956812afe5e
[api] << brvyja GET /api/delegations/0x022b39bc36eacf22360f61247487e956812afe5e 304 2ms
[api] >> gmzdmc GET /api/jobs
[api] << gmzdmc GET /api/jobs 304 0ms
[api] >> ermurk GET /api/delegations/0x022b39bc36eacf22360f61247487e956812afe5e
[api] << ermurk GET /api/delegations/0x022b39bc36eacf22360f61247487e956812afe5e 304 2ms
[api] >> nuquzv GET /api/jobs
[api] << nuquzv GET /api/jobs 304 1ms
[api] >> kbrgi1 GET /api/delegations/0x022b39bc36eacf22360f61247487e956812afe5e
[api] << kbrgi1 GET /api/delegations/0x022b39bc36eacf22360f61247487e956812afe5e 304 1ms
[api] >> n78vmk GET /api/jobs
[api] << n78vmk GET /api/jobs 304 1ms
[api] >> vd71k7 GET /api/delegations/0x022b39bc36eacf22360f61247487e956812afe5e
[api] << vd71k7 GET /api/delegations/0x022b39bc36eacf22360f61247487e956812afe5e 304 2ms
[api] >> fw35g0 GET /api/jobs
[api] << fw35g0 GET /api/jobs 304 1ms
[api] >> 4161qh GET /api/delegations/0x022b39bc36eacf22360f61247487e956812afe5e
[api] << 4161qh GET /api/delegations/0x022b39bc36eacf22360f61247487e956812afe5e 304 3ms
[api] >> nb0qkr GET /api/jobs
[api] << nb0qkr GET /api/jobs 304 1ms
[api] >> qo1nj2 POST /api/flush
[api] << qo1nj2 POST /api/flush 500 992ms
[api] >> l8ylvl GET /api/delegations/0x022b39bc36eacf22360f61247487e956812afe5e
[api] << l8ylvl GET /api/delegations/0x022b39bc36eacf22360f61247487e956812afe5e 304 2ms
[api] >> ha0do8 GET /api/jobs
[api] << ha0do8 GET /api/jobs 304 1ms
[api] >> 94739p GET /api/delegations/0x022b39bc36eacf22360f61247487e956812afe5e
[api] << 94739p GET /api/delegations/0x022b39bc36eacf22360f61247487e956812afe5e 304 2ms
[api] >> c4z6fc GET /api/jobs
[api] << c4z6fc GET /api/jobs 304 0ms
[api] >> kzyhb3 GET /api/delegations/0x022b39bc36eacf22360f61247487e956812afe5e
[api] << kzyhb3 GET /api/delegations/0x022b39bc36eacf22360f61247487e956812afe5e 304 2ms
[api] >> bdackz GET /api/jobs
[api] << bdackz GET /api/jobs 304 1ms
[api] >> 7drvh8 GET /api/delegations/0x022b39bc36eacf22360f61247487e956812afe5e
[api] << 7drvh8 GET /api/delegations/0x022b39bc36eacf22360f61247487e956812afe5e 304 6ms
[api] >> 1vnkkq GET /api/jobs
[api] << 1vnkkq GET /api/jobs 304 0ms
[api] >> j9cb0l GET /api/delegations/0x022b39bc36eacf22360f61247487e956812afe5e
[api] << j9cb0l GET /api/delegations/0x022b39bc36eacf22360f61247487e956812afe5e 304 2ms
[api] >> rju1ui GET /api/jobs
[api] << rju1ui GET /api/jobs 304 1ms
[api] >> x35f9i GET /api/delegations/0x022b39bc36eacf22360f61247487e956812afe5e
[api] << x35f9i GET /api/delegations/0x022b39bc36eacf22360f61247487e956812afe5e 304 2ms
[api] >> pa6y6c GET /api/jobs
[api] << pa6y6c GET /api/jobs 304 0ms
[api] >> 4v8w9b GET /api/delegations/0x022b39bc36eacf22360f61247487e956812afe5e
[api] << 4v8w9b GET /api/delegations/0x022b39bc36eacf22360f61247487e956812afe5e 304 4ms
[api] >> 60vgcu GET /api/jobs
[api] << 60vgcu GET /api/jobs 304 1ms
[api] >> psmgcf GET /api/delegations/0x022b39bc36eacf22360f61247487e956812afe5e
[api] << psmgcf GET /api/delegations/0x022b39bc36eacf22360f61247487e956812afe5e 304 10ms
[api] >> a2hd7y GET /api/jobs
[api] << a2hd7y GET /api/jobs 304 0ms
[api] >> z4tv8s GET /api/delegations/0x022b39bc36eacf22360f61247487e956812afe5e
[api] << z4tv8s GET /api/delegations/0x022b39bc36eacf22360f61247487e956812afe5e 304 2ms
[api] >> gtuabz GET /api/jobs
[api] << gtuabz GET /api/jobs 304 1ms
[api] >> uxv4ty GET /api/delegations/0x022b39bc36eacf22360f61247487e956812afe5e
[api] << uxv4ty GET /api/delegations/0x022b39bc36eacf22360f61247487e956812afe5e 304 4ms
[api] >> 4ik7xh GET /api/jobs
[api] << 4ik7xh GET /api/jobs 304 0ms
[api] >> crfkp2 GET /api/delegations/0x022b39bc36eacf22360f61247487e956812afe5e
[api] << crfkp2 GET /api/delegations/0x022b39bc36eacf22360f61247487e956812afe5e 304 8ms
[api] >> ii30tt GET /api/jobs
[api] << ii30tt GET /api/jobs 304 1ms
[api] >> gxzzs2 GET /api/delegations/0x022b39bc36eacf22360f61247487e956812afe5e
[api] << gxzzs2 GET /api/delegations/0x022b39bc36eacf22360f61247487e956812afe5e 304 2ms
[api] >> 1su4d7 GET /api/jobs
[api] << 1su4d7 GET /api/jobs 304 1ms
[api] >> h7ve3g GET /api/delegations/0x022b39bc36eacf22360f61247487e956812afe5e
[api] << h7ve3g GET /api/delegations/0x022b39bc36eacf22360f61247487e956812afe5e 304 1ms
[api] >> cgkujb GET /api/jobs
[api] << cgkujb GET /api/jobs 304 1ms
[api] >> nuc7d8 GET /api/delegations/0x022b39bc36eacf22360f61247487e956812afe5e
[api] << nuc7d8 GET /api/delegations/0x022b39bc36eacf22360f61247487e956812afe5e 304 1ms
[api] >> hu1bzu GET /api/jobs
[api] << hu1bzu GET /api/jobs 304 1ms
[api] >> 517qa0 GET /api/delegations/0x022b39bc36eacf22360f61247487e956812afe5e
[api] << 517qa0 GET /api/delegations/0x022b39bc36eacf22360f61247487e956812afe5e 304 3ms
[api] >> 8mw2b9 GET /api/jobs
[api] << 8mw2b9 GET /api/jobs 304 1ms
[api] >> r9fqkh GET /api/delegations/0x022b39bc36eacf22360f61247487e956812afe5e
[api] << r9fqkh GET /api/delegations/0x022b39bc36eacf22360f61247487e956812afe5e 304 1ms
[api] >> 7vmcqa GET /api/jobs
[api] << 7vmcqa GET /api/jobs 304 1ms
[api] >> ejq39m GET /api/delegations/0x022b39bc36eacf22360f61247487e956812afe5e
[api] << ejq39m GET /api/delegations/0x022b39bc36eacf22360f61247487e956812afe5e 304 8ms
[api] >> 3lfd1i GET /api/jobs
[api] << 3lfd1i GET /api/jobs 304 0ms
[api] >> 04qrg9 GET /api/delegations/0x022b39bc36eacf22360f61247487e956812afe5e
[api] << 04qrg9 GET /api/delegations/0x022b39bc36eacf22360f61247487e956812afe5e 304 2ms
[api] >> cmba45 GET /api/jobs
[api] << cmba45 GET /api/jobs 304 0ms
[api] >> ou6vg3 GET /api/delegations/0x022b39bc36eacf22360f61247487e956812afe5e
[api] << ou6vg3 GET /api/delegations/0x022b39bc36eacf22360f61247487e956812afe5e 304 2ms
[api] >> 26ymlm GET /api/jobs
[api] << 26ymlm GET /api/jobs 304 1ms
[api] >> rg8h11 GET /api/delegations/0x022b39bc36eacf22360f61247487e956812afe5e
[api] << rg8h11 GET /api/delegations/0x022b39bc36eacf22360f61247487e956812afe5e 304 3ms
[api] >> 4c66g0 GET /api/jobs
[api] << 4c66g0 GET /api/jobs 304 2ms
[api] >> 50u8qk GET /api/delegations/0x022b39bc36eacf22360f61247487e956812afe5e
[api] << 50u8qk GET /api/delegations/0x022b39bc36eacf22360f61247487e956812afe5e 304 2ms
[api] >> 60zizs GET /api/jobs
[api] << 60zizs GET /api/jobs 304 1ms
[api] >> qxrvhm GET /api/delegations/0x022b39bc36eacf22360f61247487e956812afe5e
[api] << qxrvhm GET /api/delegations/0x022b39bc36eacf22360f61247487e956812afe5e 304 4ms
[api] >> pmxgar GET /api/jobs
[api] << pmxgar GET /api/jobs 304 1ms
[api] >> fgn854 GET /api/delegations/0x022b39bc36eacf22360f61247487e956812afe5e
[api] << fgn854 GET /api/delegations/0x022b39bc36eacf22360f61247487e956812afe5e 304 3ms
[api] >> 5wfjb1 GET /api/jobs
[api] << 5wfjb1 GET /api/jobs 304 0ms
[api] >> m8z96n GET /api/delegations/0x022b39bc36eacf22360f61247487e956812afe5e
[api] << m8z96n GET /api/delegations/0x022b39bc36eacf22360f61247487e956812afe5e 304 2ms
[api] >> x9axsy GET /api/jobs
[api] << x9axsy GET /api/jobs 304 13ms
[api] >> ikprh1 GET /api/delegations/0x022b39bc36eacf22360f61247487e956812afe5e
[api] << ikprh1 GET /api/delegations/0x022b39bc36eacf22360f61247487e956812afe5e 304 2ms
[api] >> 5piwgz GET /api/jobs
[api] << 5piwgz GET /api/jobs 304 1ms
[api] >> pog8x0 GET /api/delegations/0x022b39bc36eacf22360f61247487e956812afe5e
[api] << pog8x0 GET /api/delegations/0x022b39bc36eacf22360f61247487e956812afe5e 304 3ms
[api] >> 0k5jkz GET /api/jobs
[api] << 0k5jkz GET /api/jobs 304 1ms
[api] >> 18yev0 GET /api/delegations/0x022b39bc36eacf22360f61247487e956812afe5e
[api] << 18yev0 GET /api/delegations/0x022b39bc36eacf22360f61247487e956812afe5e 304 2ms
[api] >> 37pgr7 GET /api/jobs
[api] << 37pgr7 GET /api/jobs 304 1ms
[api] >> x6gsdl GET /api/delegations/0x022b39bc36eacf22360f61247487e956812afe5e
[api] << x6gsdl GET /api/delegations/0x022b39bc36eacf22360f61247487e956812afe5e 304 2ms
[api] >> xildxe GET /api/jobs
[api] << xildxe GET /api/jobs 304 0ms
[api] >> o6abnq GET /api/delegations/0x022b39bc36eacf22360f61247487e956812afe5e
[api] << o6abnq GET /api/delegations/0x022b39bc36eacf22360f61247487e956812afe5e 304 1ms
[api] >> thp4fg GET /api/jobs
[api] << thp4fg GET /api/jobs 304 1ms
[api] >> 3x1kn6 GET /api/delegations/0x022b39bc36eacf22360f61247487e956812afe5e
[api] << 3x1kn6 GET /api/delegations/0x022b39bc36eacf22360f61247487e956812afe5e 304 2ms
[api] >> o8tqwx GET /api/jobs
[api] << o8tqwx GET /api/jobs 304 1ms
[api] >> pl72jg GET /api/delegations/0x022b39bc36eacf22360f61247487e956812afe5e
[api] << pl72jg GET /api/delegations/0x022b39bc36eacf22360f61247487e956812afe5e 304 1ms
[api] >> 54u488 GET /api/jobs
[api] << 54u488 GET /api/jobs 304 1ms
[api] >> bgjsdv GET /api/delegations/0x022b39bc36eacf22360f61247487e956812afe5e
[api] << bgjsdv GET /api/delegations/0x022b39bc36eacf22360f61247487e956812afe5e 304 1ms
[api] >> 34cp3u GET /api/jobs
[api] << 34cp3u GET /api/jobs 304 0ms
[api] >> zpg047 GET /api/delegations/0x022b39bc36eacf22360f61247487e956812afe5e
[api] << zpg047 GET /api/delegations/0x022b39bc36eacf22360f61247487e956812afe5e 304 1ms
[api] >> acsc1g GET /api/jobs
[api] << acsc1g GET /api/jobs 304 0ms
[api] >> yghj3t GET /api/delegations/0x022b39bc36eacf22360f61247487e956812afe5e
[api] << yghj3t GET /api/delegations/0x022b39bc36eacf22360f61247487e956812afe5e 304 3ms
[api] >> aw5flu GET /api/jobs
[api] << aw5flu GET /api/jobs 304 0ms
[api] >> 4y1tkz GET /api/delegations/0x022b39bc36eacf22360f61247487e956812afe5e
[api] << 4y1tkz GET /api/delegations/0x022b39bc36eacf22360f61247487e956812afe5e 304 2ms
[api] >> qs8sfb GET /api/jobs
[api] << qs8sfb GET /api/jobs 304 1ms
[api] >> pnzlnl GET /api/delegations/0x022b39bc36eacf22360f61247487e956812afe5e
[api] << pnzlnl GET /api/delegations/0x022b39bc36eacf22360f61247487e956812afe5e 304 3ms
[api] >> 9h1xzj GET /api/jobs
[api] << 9h1xzj GET /api/jobs 304 1ms
[api] >> v21tin GET /api/delegations/0x022b39bc36eacf22360f61247487e956812afe5e
[api] << v21tin GET /api/delegations/0x022b39bc36eacf22360f61247487e956812afe5e 304 1ms
[api] >> 3b78cf GET /api/jobs
[api] << 3b78cf GET /api/jobs 304 1ms
[api] >> mgsyin GET /api/delegations/0x022b39bc36eacf22360f61247487e956812afe5e
[api] << mgsyin GET /api/delegations/0x022b39bc36eacf22360f61247487e956812afe5e 304 1ms
[api] >> knjx3d GET /api/jobs
[api] << knjx3d GET /api/jobs 304 1ms
[api] >> r1njs0 GET /api/delegations/0x022b39bc36eacf22360f61247487e956812afe5e
[api] << r1njs0 GET /api/delegations/0x022b39bc36eacf22360f61247487e956812afe5e 304 1ms
[api] >> 9nouug GET /api/jobs
[api] << 9nouug GET /api/jobs 304 1ms
[api] >> h34tyg GET /api/delegations/0x022b39bc36eacf22360f61247487e956812afe5e
[api] << h34tyg GET /api/delegations/0x022b39bc36eacf22360f61247487e956812afe5e 304 4ms
[api] >> mzn03u GET /api/jobs
[api] << mzn03u GET /api/jobs 304 2ms
[api] >> 14yque GET /api/delegations/0x022b39bc36eacf22360f61247487e956812afe5e
[api] << 14yque GET /api/delegations/0x022b39bc36eacf22360f61247487e956812afe5e 304 3ms
[api] >> vqweo1 GET /api/jobs
[api] << vqweo1 GET /api/jobs 304 1ms
[api] >> l51mxw GET /api/delegations/0x022b39bc36eacf22360f61247487e956812afe5e
[api] << l51mxw GET /api/delegations/0x022b39bc36eacf22360f61247487e956812afe5e 304 1ms
[api] >> yg6bi3 GET /api/jobs
[api] << yg6bi3 GET /api/jobs 304 1ms
[api] >> m69unp GET /api/delegations/0x022b39bc36eacf22360f61247487e956812afe5e
[api] << m69unp GET /api/delegations/0x022b39bc36eacf22360f61247487e956812afe5e 304 12ms
[api] >> fptzwd GET /api/jobs
[api] << fptzwd GET /api/jobs 304 1ms
[api] >> o21mlc GET /api/delegations/0x022b39bc36eacf22360f61247487e956812afe5e
[api] << o21mlc GET /api/delegations/0x022b39bc36eacf22360f61247487e956812afe5e 304 2ms
[api] >> 23k1sv GET /api/jobs
[api] << 23k1sv GET /api/jobs 304 5ms
[api] >> m158lw GET /api/delegations/0x022b39bc36eacf22360f61247487e956812afe5e
[api] << m158lw GET /api/delegations/0x022b39bc36eacf22360f61247487e956812afe5e 304 2ms
[api] >> j6on0h GET /api/jobs
[api] << j6on0h GET /api/jobs 304 1ms
[api] >> 1k78z4 GET /api/delegations/0x022b39bc36eacf22360f61247487e956812afe5e
[api] << 1k78z4 GET /api/delegations/0x022b39bc36eacf22360f61247487e956812afe5e 304 1ms
[api] >> pqgxae GET /api/jobs
[api] << pqgxae GET /api/jobs 304 0ms
[api] >> re6etn GET /api/delegations/0x022b39bc36eacf22360f61247487e956812afe5e
[api] << re6etn GET /api/delegations/0x022b39bc36eacf22360f61247487e956812afe5e 304 13ms
[api] >> uv7i7z GET /api/jobs
[api] << uv7i7z GET /api/jobs 304 1ms
[api] >> 8d1q2s GET /api/delegations/0x022b39bc36eacf22360f61247487e956812afe5e
[api] << 8d1q2s GET /api/delegations/0x022b39bc36eacf22360f61247487e956812afe5e 304 1ms
[api] >> w2swes GET /api/jobs
[api] << w2swes GET /api/jobs 304 1ms
[api] >> 6ptsh2 GET /api/delegations/0x022b39bc36eacf22360f61247487e956812afe5e
[api] << 6ptsh2 GET /api/delegations/0x022b39bc36eacf22360f61247487e956812afe5e 304 3ms
[api] >> obv4ct GET /api/jobs
[api] << obv4ct GET /api/jobs 304 0ms
[api] >> 6jorp8 GET /api/delegations/0x022b39bc36eacf22360f61247487e956812afe5e
[api] << 6jorp8 GET /api/delegations/0x022b39bc36eacf22360f61247487e956812afe5e 304 3ms
[api] >> nqsb5n GET /api/jobs
[api] << nqsb5n GET /api/jobs 304 1ms
[api] >> lvcxbt GET /api/delegations/0x022b39bc36eacf22360f61247487e956812afe5e
[api] << lvcxbt GET /api/delegations/0x022b39bc36eacf22360f61247487e956812afe5e 304 2ms
[api] >> dbphos GET /api/jobs
[api] << dbphos GET /api/jobs 304 1ms
[api] >> ynmfq5 GET /api/delegations/0x022b39bc36eacf22360f61247487e956812afe5e
[api] << ynmfq5 GET /api/delegations/0x022b39bc36eacf22360f61247487e956812afe5e 304 2ms
[api] >> 07iiil GET /api/jobs
[api] << 07iiil GET /api/jobs 304 1ms
[api] >> tett5c GET /api/delegations/0x022b39bc36eacf22360f61247487e956812afe5e
[api] << tett5c GET /api/delegations/0x022b39bc36eacf22360f61247487e956812afe5e 304 3ms
[api] >> 6oan8v GET /api/jobs
[api] << 6oan8v GET /api/jobs 304 1ms
[api] >> fokq64 GET /api/delegations/0x022b39bc36eacf22360f61247487e956812afe5e
[api] << fokq64 GET /api/delegations/0x022b39bc36eacf22360f61247487e956812afe5e 304 1ms
[api] >> svm65a GET /api/jobs
[api] << svm65a GET /api/jobs 304 1ms
[api] >> mff82x GET /api/delegations/0x022b39bc36eacf22360f61247487e956812afe5e
[api] << mff82x GET /api/delegations/0x022b39bc36eacf22360f61247487e956812afe5e 304 7ms
[api] >> b9s9qz GET /api/jobs
[api] << b9s9qz GET /api/jobs 304 1ms
[api] >> 5c5xoc GET /api/delegations/0x022b39bc36eacf22360f61247487e956812afe5e
[api] << 5c5xoc GET /api/delegations/0x022b39bc36eacf22360f61247487e956812afe5e 304 2ms
[api] >> 3i7bcy GET /api/jobs
[api] << 3i7bcy GET /api/jobs 304 1ms
[api] >> w2zmun GET /api/delegations/0x022b39bc36eacf22360f61247487e956812afe5e
[api] << w2zmun GET /api/delegations/0x022b39bc36eacf22360f61247487e956812afe5e 304 4ms
[api] >> qunbfe GET /api/jobs
[api] << qunbfe GET /api/jobs 304 2ms
[api] >> dcxym2 GET /api/delegations/0x022b39bc36eacf22360f61247487e956812afe5e
[api] << dcxym2 GET /api/delegations/0x022b39bc36eacf22360f61247487e956812afe5e 304 2ms
[api] >> vlh42x GET /api/jobs
[api] << vlh42x GET /api/jobs 304 1ms
[api] >> hkjkrc GET /api/delegations/0x022b39bc36eacf22360f61247487e956812afe5e
[api] << hkjkrc GET /api/delegations/0x022b39bc36eacf22360f61247487e956812afe5e 304 2ms
[api] >> dnq15w GET /api/jobs
[api] << dnq15w GET /api/jobs 304 0ms
[api] >> ibx95j GET /api/delegations/0x022b39bc36eacf22360f61247487e956812afe5e
[api] << ibx95j GET /api/delegations/0x022b39bc36eacf22360f61247487e956812afe5e 304 14ms
[api] >> y9i323 GET /api/jobs
[api] << y9i323 GET /api/jobs 304 1ms
[api] >> egbldy GET /api/delegations/0x022b39bc36eacf22360f61247487e956812afe5e
[api] << egbldy GET /api/delegations/0x022b39bc36eacf22360f61247487e956812afe5e 304 11ms
[api] >> sdgek9 GET /api/jobs
[api] << sdgek9 GET /api/jobs 304 1ms
[api] >> pydh7x GET /api/delegations/0x022b39bc36eacf22360f61247487e956812afe5e
[api] << pydh7x GET /api/delegations/0x022b39bc36eacf22360f61247487e956812afe5e 304 3ms
[api] >> 0c71il GET /api/jobs
[api] << 0c71il GET /api/jobs 304 0ms
[api] >> g28r6v GET /api/delegations/0x022b39bc36eacf22360f61247487e956812afe5e
[api] << g28r6v GET /api/delegations/0x022b39bc36eacf22360f61247487e956812afe5e 304 2ms
[api] >> fj8who GET /api/jobs
[api] << fj8who GET /api/jobs 304 1ms
[api] >> 5kgrh1 GET /api/delegations/0x022b39bc36eacf22360f61247487e956812afe5e
[api] << 5kgrh1 GET /api/delegations/0x022b39bc36eacf22360f61247487e956812afe5e 304 1ms
[api] >> yr22ge GET /api/jobs
[api] << yr22ge GET /api/jobs 304 0ms
[api] >> h7nqi9 GET /api/delegations/0x022b39bc36eacf22360f61247487e956812afe5e
[api] << h7nqi9 GET /api/delegations/0x022b39bc36eacf22360f61247487e956812afe5e 304 2ms
[api] >> icnvq0 GET /api/jobs
[api] << icnvq0 GET /api/jobs 304 1ms
[api] >> tkbayz GET /api/delegations/0x022b39bc36eacf22360f61247487e956812afe5e
[api] << tkbayz GET /api/delegations/0x022b39bc36eacf22360f61247487e956812afe5e 304 2ms
[api] >> pgw5fe GET /api/jobs
[api] << pgw5fe GET /api/jobs 304 1ms
[api] >> zd7i7g GET /api/delegations/0x022b39bc36eacf22360f61247487e956812afe5e
[api] << zd7i7g GET /api/delegations/0x022b39bc36eacf22360f61247487e956812afe5e 304 2ms
[api] >> zykbu9 GET /api/jobs
[api] << zykbu9 GET /api/jobs 304 1ms
[api] >> fl4ni1 GET /api/delegations/0x022b39bc36eacf22360f61247487e956812afe5e
[api] << fl4ni1 GET /api/delegations/0x022b39bc36eacf22360f61247487e956812afe5e 304 7ms
[api] >> p90dcq GET /api/jobs
[api] << p90dcq GET /api/jobs 304 1ms
[api] >> s6v72q GET /api/delegations/0x022b39bc36eacf22360f61247487e956812afe5e
[api] << s6v72q GET /api/delegations/0x022b39bc36eacf22360f61247487e956812afe5e 304 2ms
[api] >> z3b2wx GET /api/jobs
[api] << z3b2wx GET /api/jobs 304 1ms
[api] >> gfq6ec GET /api/delegations/0x022b39bc36eacf22360f61247487e956812afe5e
[api] << gfq6ec GET /api/delegations/0x022b39bc36eacf22360f61247487e956812afe5e 304 3ms
[api] >> eb7phg GET /api/jobs
[api] << eb7phg GET /api/jobs 304 1ms
[api] >> qmrqe9 GET /api/delegations/0x022b39bc36eacf22360f61247487e956812afe5e
[api] << qmrqe9 GET /api/delegations/0x022b39bc36eacf22360f61247487e956812afe5e 304 29ms
[api] >> 8b33k6 GET /api/jobs
[api] << 8b33k6 GET /api/jobs 304 2ms
[api] >> mr01sd GET /api/delegations/0x022b39bc36eacf22360f61247487e956812afe5e
[api] << mr01sd GET /api/delegations/0x022b39bc36eacf22360f61247487e956812afe5e 304 2ms
[api] >> an20vy GET /api/jobs
[api] << an20vy GET /api/jobs 304 0ms
[api] >> fbpa56 GET /api/delegations/0x022b39bc36eacf22360f61247487e956812afe5e
[api] << fbpa56 GET /api/delegations/0x022b39bc36eacf22360f61247487e956812afe5e 304 8ms
[api] >> os7ow4 GET /api/jobs
[api] << os7ow4 GET /api/jobs 304 1ms
[api] >> evu0du GET /api/delegations/0x022b39bc36eacf22360f61247487e956812afe5e
[api] << evu0du GET /api/delegations/0x022b39bc36eacf22360f61247487e956812afe5e 304 1ms
[api] >> v6xv8k GET /api/jobs
[api] << v6xv8k GET /api/jobs 304 1ms
[api] >> 8vo9zh GET /api/delegations/0x022b39bc36eacf22360f61247487e956812afe5e
[api] << 8vo9zh GET /api/delegations/0x022b39bc36eacf22360f61247487e956812afe5e 304 1ms
[api] >> ytbz8y GET /api/jobs
[api] << ytbz8y GET /api/jobs 304 0ms
[api] >> qutlq2 GET /api/delegations/0x022b39bc36eacf22360f61247487e956812afe5e
[api] << qutlq2 GET /api/delegations/0x022b39bc36eacf22360f61247487e956812afe5e 304 2ms
[api] >> ww5m8m GET /api/jobs
[api] << ww5m8m GET /api/jobs 304 1ms
[api] >> 999dr5 GET /api/delegations/0x022b39bc36eacf22360f61247487e956812afe5e
[api] << 999dr5 GET /api/delegations/0x022b39bc36eacf22360f61247487e956812afe5e 304 1ms
[api] >> glwhjl GET /api/jobs
[api] << glwhjl GET /api/jobs 304 1ms
[api] >> nngkbt GET /api/delegations/0x022b39bc36eacf22360f61247487e956812afe5e
[api] << nngkbt GET /api/delegations/0x022b39bc36eacf22360f61247487e956812afe5e 304 2ms
[api] >> is0rtx GET /api/jobs
[api] << is0rtx GET /api/jobs 304 1ms
[api] >> t2ggta GET /api/delegations/0x022b39bc36eacf22360f61247487e956812afe5e
[api] << t2ggta GET /api/delegations/0x022b39bc36eacf22360f61247487e956812afe5e 304 1ms
[api] >> 0p2rx2 GET /api/jobs
[api] << 0p2rx2 GET /api/jobs 304 1ms
[api] >> 0nnpy0 GET /api/delegations/0x022b39bc36eacf22360f61247487e956812afe5e
[api] << 0nnpy0 GET /api/delegations/0x022b39bc36eacf22360f61247487e956812afe5e 304 9ms
[api] >> pp88rx GET /api/jobs
[api] << pp88rx GET /api/jobs 304 1ms
[api] >> w3853e GET /api/delegations/0x022b39bc36eacf22360f61247487e956812afe5e
[api] << w3853e GET /api/delegations/0x022b39bc36eacf22360f61247487e956812afe5e 304 3ms
[api] >> g7m6pq GET /api/jobs
[api] << g7m6pq GET /api/jobs 304 1ms
[api] >> zsb6hw GET /api/delegations/0x022b39bc36eacf22360f61247487e956812afe5e
[api] << zsb6hw GET /api/delegations/0x022b39bc36eacf22360f61247487e956812afe5e 304 1ms
[api] >> ro6ew2 GET /api/jobs
[api] << ro6ew2 GET /api/jobs 304 1ms
[api] >> hc08kv GET /api/delegations/0x022b39bc36eacf22360f61247487e956812afe5e
[api] << hc08kv GET /api/delegations/0x022b39bc36eacf22360f61247487e956812afe5e 304 1ms
[api] >> te3pjn GET /api/jobs
[api] << te3pjn GET /api/jobs 304 1ms
[api] >> 0audky GET /api/delegations/0x022b39bc36eacf22360f61247487e956812afe5e
[api] << 0audky GET /api/delegations/0x022b39bc36eacf22360f61247487e956812afe5e 304 3ms
[api] >> xyg7pt GET /api/jobs
[api] << xyg7pt GET /api/jobs 304 1ms
[api] >> ddeclw GET /api/delegations/0x022b39bc36eacf22360f61247487e956812afe5e
[api] << ddeclw GET /api/delegations/0x022b39bc36eacf22360f61247487e956812afe5e 304 1ms
[api] >> wetq8l GET /api/jobs
[api] << wetq8l GET /api/jobs 304 0ms
[api] >> mlskkc GET /api/delegations/0x022b39bc36eacf22360f61247487e956812afe5e
[api] << mlskkc GET /api/delegations/0x022b39bc36eacf22360f61247487e956812afe5e 304 1ms
[api] >> 18ez6n GET /api/jobs
[api] << 18ez6n GET /api/jobs 304 0ms
[api] >> mzz5hh GET /api/delegations/0x022b39bc36eacf22360f61247487e956812afe5e
[api] << mzz5hh GET /api/delegations/0x022b39bc36eacf22360f61247487e956812afe5e 304 2ms
[api] >> in3msy GET /api/jobs
[api] << in3msy GET /api/jobs 304 1ms
[api] >> dvbfir GET /api/delegations/0x022b39bc36eacf22360f61247487e956812afe5e
[api] << dvbfir GET /api/delegations/0x022b39bc36eacf22360f61247487e956812afe5e 304 2ms
[api] >> i1xybj GET /api/jobs
[api] << i1xybj GET /api/jobs 304 2ms
[api] >> qea1x4 GET /api/delegations/0x022b39bc36eacf22360f61247487e956812afe5e
[api] << qea1x4 GET /api/delegations/0x022b39bc36eacf22360f61247487e956812afe5e 304 3ms
[api] >> t9a3e6 GET /api/jobs
[api] << t9a3e6 GET /api/jobs 304 1ms
[api] >> jrecnh GET /api/delegations/0x022b39bc36eacf22360f61247487e956812afe5e
[api] << jrecnh GET /api/delegations/0x022b39bc36eacf22360f61247487e956812afe5e 304 1ms
[api] >> x65uon GET /api/jobs
[api] << x65uon GET /api/jobs 304 0ms
[api] >> de9js8 GET /api/delegations/0x022b39bc36eacf22360f61247487e956812afe5e
[api] << de9js8 GET /api/delegations/0x022b39bc36eacf22360f61247487e956812afe5e 304 2ms
[api] >> 96jvki GET /api/jobs
[api] << 96jvki GET /api/jobs 304 0ms
[api] >> falxbw GET /api/delegate
[api] << falxbw GET /api/delegate 304 2ms
[api] >> t44wgt GET /api/diag
[api] << t44wgt GET /api/diag 200 253ms
[api] >> nf6k3v GET /api/delegate
[api] << nf6k3v GET /api/delegate 304 1ms
[api] >> gmmfg5 GET /api/diag
[api] << gmmfg5 GET /api/diag 200 169ms
[api] >> zu5q3j GET /api/delegations/0x022b39bc36eacf22360f61247487e956812afe5e
[api] << zu5q3j GET /api/delegations/0x022b39bc36eacf22360f61247487e956812afe5e 304 1ms
[api] >> v1550w GET /api/jobs
[api] << v1550w GET /api/jobs 304 1ms
[api] >> v91fp7 GET /api/delegations/0x022b39bc36eacf22360f61247487e956812afe5e
[api] << v91fp7 GET /api/delegations/0x022b39bc36eacf22360f61247487e956812afe5e 304 3ms
[api] >> t821s5 GET /api/jobs
[api] << t821s5 GET /api/jobs 304 1ms
[api] >> yrrsqb GET /api/delegations/0x022b39bc36eacf22360f61247487e956812afe5e
[api] << yrrsqb GET /api/delegations/0x022b39bc36eacf22360f61247487e956812afe5e 304 4ms
[api] >> wth2rb GET /api/jobs
[api] << wth2rb GET /api/jobs 304 0ms
[api] >> p23ecn POST /api/flush
[api] << p23ecn POST /api/flush 500 1029ms
[api] >> jzz3z3 GET /api/delegations/0x022b39bc36eacf22360f61247487e956812afe5e
[api] << jzz3z3 GET /api/delegations/0x022b39bc36eacf22360f61247487e956812afe5e 304 1ms
[api] >> arh99z GET /api/jobs
[api] << arh99z GET /api/jobs 304 1ms
[api] >> 8pvreo GET /api/delegations/0x022b39bc36eacf22360f61247487e956812afe5e
[api] << 8pvreo GET /api/delegations/0x022b39bc36eacf22360f61247487e956812afe5e 304 3ms
[api] >> 7w32ih GET /api/jobs
[api] << 7w32ih GET /api/jobs 304 1ms
[api] >> p7p8yd GET /api/delegations/0x022b39bc36eacf22360f61247487e956812afe5e
[api] << p7p8yd GET /api/delegations/0x022b39bc36eacf22360f61247487e956812afe5e 304 1ms
[api] >> zqzuj2 GET /api/jobs
[api] << zqzuj2 GET /api/jobs 304 1ms
[api] >> gh15p1 GET /api/delegations/0x022b39bc36eacf22360f61247487e956812afe5e
[api] << gh15p1 GET /api/delegations/0x022b39bc36eacf22360f61247487e956812afe5e 304 2ms
[api] >> kybi8f GET /api/jobs
[api] << kybi8f GET /api/jobs 304 0ms
[api] >> 98s7yr GET /api/delegations/0x022b39bc36eacf22360f61247487e956812afe5e
[api] << 98s7yr GET /api/delegations/0x022b39bc36eacf22360f61247487e956812afe5e 304 2ms
[api] >> kre0c2 GET /api/jobs
[api] << kre0c2 GET /api/jobs 304 0ms
[api] >> fau6iw GET /api/delegations/0x022b39bc36eacf22360f61247487e956812afe5e
[api] << fau6iw GET /api/delegations/0x022b39bc36eacf22360f61247487e956812afe5e 304 2ms
[api] >> y2fbpm GET /api/jobs
[api] << y2fbpm GET /api/jobs 304 0ms
[api] >> i30j8a GET /api/delegations/0x022b39bc36eacf22360f61247487e956812afe5e
[api] << i30j8a GET /api/delegations/0x022b39bc36eacf22360f61247487e956812afe5e 304 6ms
[api] >> w54xjc GET /api/jobs
[api] << w54xjc GET /api/jobs 304 0ms
[api] >> qfoho8 GET /api/delegations/0x022b39bc36eacf22360f61247487e956812afe5e
[api] << qfoho8 GET /api/delegations/0x022b39bc36eacf22360f61247487e956812afe5e 304 2ms
[api] >> 96pqu7 GET /api/jobs
[api] << 96pqu7 GET /api/jobs 304 1ms
[api] >> wpptbe GET /api/delegations/0x022b39bc36eacf22360f61247487e956812afe5e
[api] << wpptbe GET /api/delegations/0x022b39bc36eacf22360f61247487e956812afe5e 304 2ms
[api] >> kjc6k4 GET /api/jobs
[api] << kjc6k4 GET /api/jobs 304 0ms
[api] >> 0d796v GET /api/delegations/0x022b39bc36eacf22360f61247487e956812afe5e
[api] << 0d796v GET /api/delegations/0x022b39bc36eacf22360f61247487e956812afe5e 304 2ms
[api] >> kbzh5w GET /api/jobs
[api] << kbzh5w GET /api/jobs 304 1ms
[api] >> 6k9jaw GET /api/delegations/0x022b39bc36eacf22360f61247487e956812afe5e
[api] << 6k9jaw GET /api/delegations/0x022b39bc36eacf22360f61247487e956812afe5e 304 3ms
[api] >> jq9015 GET /api/jobs
[api] << jq9015 GET /api/jobs 304 1ms
[api] >> nxskbc GET /api/delegations/0x022b39bc36eacf22360f61247487e956812afe5e
[api] << nxskbc GET /api/delegations/0x022b39bc36eacf22360f61247487e956812afe5e 304 3ms
[api] >> 5ncmgd GET /api/jobs
[api] << 5ncmgd GET /api/jobs 304 1ms
[api] >> 71jpjz GET /api/delegations/0x022b39bc36eacf22360f61247487e956812afe5e
[api] << 71jpjz GET /api/delegations/0x022b39bc36eacf22360f61247487e956812afe5e 304 2ms
[api] >> kt6tma GET /api/jobs
[api] << kt6tma GET /api/jobs 304 1ms
[api] >> 3iunyt GET /api/delegations/0x022b39bc36eacf22360f61247487e956812afe5e
[api] << 3iunyt GET /api/delegations/0x022b39bc36eacf22360f61247487e956812afe5e 304 2ms
[api] >> w44mmr GET /api/jobs
[api] << w44mmr GET /api/jobs 304 0ms
[api] >> 7hrrw0 GET /api/delegations/0x022b39bc36eacf22360f61247487e956812afe5e
[api] << 7hrrw0 GET /api/delegations/0x022b39bc36eacf22360f61247487e956812afe5e 304 2ms
[api] >> jajjwh GET /api/jobs
[api] << jajjwh GET /api/jobs 304 1ms
[api] >> ec0x24 GET /api/delegations/0x022b39bc36eacf22360f61247487e956812afe5e
[api] << ec0x24 GET /api/delegations/0x022b39bc36eacf22360f61247487e956812afe5e 304 2ms
[api] >> 6h5gr8 GET /api/jobs
[api] << 6h5gr8 GET /api/jobs 304 1ms
[api] >> y43iw2 GET /api/delegations/0x022b39bc36eacf22360f61247487e956812afe5e
[api] << y43iw2 GET /api/delegations/0x022b39bc36eacf22360f61247487e956812afe5e 304 2ms
[api] >> zsz31u GET /api/jobs
[api] << zsz31u GET /api/jobs 304 1ms
[api] >> jk6g1v GET /api/delegations/0x022b39bc36eacf22360f61247487e956812afe5e
[api] << jk6g1v GET /api/delegations/0x022b39bc36eacf22360f61247487e956812afe5e 304 1ms
[api] >> bftl00 GET /api/jobs
[api] << bftl00 GET /api/jobs 304 1ms
[api] >> 04nbkb GET /api/delegations/0x022b39bc36eacf22360f61247487e956812afe5e
[api] << 04nbkb GET /api/delegations/0x022b39bc36eacf22360f61247487e956812afe5e 304 4ms
[api] >> phkjf1 GET /api/jobs
[api] << phkjf1 GET /api/jobs 304 1ms
[api] >> vj3294 GET /api/delegations/0x022b39bc36eacf22360f61247487e956812afe5e
[api] << vj3294 GET /api/delegations/0x022b39bc36eacf22360f61247487e956812afe5e 304 2ms
[api] >> vui0m5 GET /api/jobs
[api] << vui0m5 GET /api/jobs 304 1ms
[api] >> kn4qrp GET /api/delegations/0x022b39bc36eacf22360f61247487e956812afe5e
[api] << kn4qrp GET /api/delegations/0x022b39bc36eacf22360f61247487e956812afe5e 304 5ms
[api] >> dbhab0 GET /api/jobs
[api] << dbhab0 GET /api/jobs 304 1ms
[api] >> ucy8th GET /api/delegations/0x022b39bc36eacf22360f61247487e956812afe5e
[api] << ucy8th GET /api/delegations/0x022b39bc36eacf22360f61247487e956812afe5e 304 1ms
[api] >> jneemn GET /api/jobs
[api] << jneemn GET /api/jobs 304 0ms
[api] >> lbf6pz GET /api/delegations/0x022b39bc36eacf22360f61247487e956812afe5e
[api] << lbf6pz GET /api/delegations/0x022b39bc36eacf22360f61247487e956812afe5e 304 3ms
[api] >> una4uo GET /api/jobs
[api] << una4uo GET /api/jobs 304 0ms
[api] >> uboogu GET /api/delegations/0x022b39bc36eacf22360f61247487e956812afe5e
[api] << uboogu GET /api/delegations/0x022b39bc36eacf22360f61247487e956812afe5e 304 2ms
[api] >> 8p4iy0 GET /api/jobs
[api] << 8p4iy0 GET /api/jobs 304 0ms
[api] >> ga01ht GET /api/delegations/0x022b39bc36eacf22360f61247487e956812afe5e
[api] << ga01ht GET /api/delegations/0x022b39bc36eacf22360f61247487e956812afe5e 304 4ms
[api] >> 16geba GET /api/jobs
[api] << 16geba GET /api/jobs 304 1ms
[api] >> 7z9hcq GET /api/delegations/0x022b39bc36eacf22360f61247487e956812afe5e
[api] << 7z9hcq GET /api/delegations/0x022b39bc36eacf22360f61247487e956812afe5e 304 2ms
[api] >> o4ct7z GET /api/jobs
[api] << o4ct7z GET /api/jobs 304 1ms
[api] >> hbxw0i GET /api/delegations/0x022b39bc36eacf22360f61247487e956812afe5e
[api] << hbxw0i GET /api/delegations/0x022b39bc36eacf22360f61247487e956812afe5e 304 2ms
[api] >> 5yuwns GET /api/jobs
[api] << 5yuwns GET /api/jobs 304 0ms
[api] >> bk3n12 GET /api/delegations/0x022b39bc36eacf22360f61247487e956812afe5e
[api] << bk3n12 GET /api/delegations/0x022b39bc36eacf22360f61247487e956812afe5e 304 1ms
[api] >> bfjz7o GET /api/jobs
[api] << bfjz7o GET /api/jobs 304 0ms
[api] >> 9055nu GET /api/delegations/0x022b39bc36eacf22360f61247487e956812afe5e
[api] << 9055nu GET /api/delegations/0x022b39bc36eacf22360f61247487e956812afe5e 304 1ms
[api] >> we02dc GET /api/jobs
[api] << we02dc GET /api/jobs 304 0ms
[api] >> ndh50c GET /api/delegations/0x022b39bc36eacf22360f61247487e956812afe5e
[api] << ndh50c GET /api/delegations/0x022b39bc36eacf22360f61247487e956812afe5e 304 15ms
[api] >> 2opzuh GET /api/jobs
[api] << 2opzuh GET /api/jobs 304 1ms
[api] >> 4oazby GET /api/delegations/0x022b39bc36eacf22360f61247487e956812afe5e
[api] << 4oazby GET /api/delegations/0x022b39bc36eacf22360f61247487e956812afe5e 304 1ms
[api] >> ik6kn1 GET /api/jobs
[api] << ik6kn1 GET /api/jobs 304 1ms
[api] >> eoruoj GET /api/delegations/0x022b39bc36eacf22360f61247487e956812afe5e
[api] << eoruoj GET /api/delegations/0x022b39bc36eacf22360f61247487e956812afe5e 304 3ms
[api] >> 621d29 GET /api/delegate
[api] << 621d29 GET /api/delegate 304 3ms
[api] >> 2ryikq GET /api/jobs
[api] << 2ryikq GET /api/jobs 304 2ms
[api] >> ebzjb0 GET /api/diag
[api] << ebzjb0 GET /api/diag 304 483ms
[api] >> swcrnu GET /api/delegations/0x022b39bc36eacf22360f61247487e956812afe5e
[api] << swcrnu GET /api/delegations/0x022b39bc36eacf22360f61247487e956812afe5e 304 5ms
[api] >> bjpind GET /api/jobs
[api] << bjpind GET /api/jobs 304 0ms
[api] >> frhmaw GET /api/delegations/0x022b39bc36eacf22360f61247487e956812afe5e
[api] << frhmaw GET /api/delegations/0x022b39bc36eacf22360f61247487e956812afe5e 304 3ms
[api] >> prtdqc GET /api/jobs
[api] << prtdqc GET /api/jobs 304 1ms
[api] >> mfn7fc GET /api/delegations/0x022b39bc36eacf22360f61247487e956812afe5e
[api] << mfn7fc GET /api/delegations/0x022b39bc36eacf22360f61247487e956812afe5e 304 2ms
[api] >> 6psx98 GET /api/jobs
[api] << 6psx98 GET /api/jobs 304 0ms
[api] >> 58kgco GET /api/delegations/0x022b39bc36eacf22360f61247487e956812afe5e
[api] << 58kgco GET /api/delegations/0x022b39bc36eacf22360f61247487e956812afe5e 304 2ms
[api] >> kebo3r GET /api/jobs
[api] << kebo3r GET /api/jobs 304 1ms
[api] >> fraadc GET /api/delegations/0x022b39bc36eacf22360f61247487e956812afe5e
[api] << fraadc GET /api/delegations/0x022b39bc36eacf22360f61247487e956812afe5e 304 2ms
[api] >> xh82x7 GET /api/jobs
[api] << xh82x7 GET /api/jobs 304 2ms
[api] >> iy9030 GET /api/delegations/0x022b39bc36eacf22360f61247487e956812afe5e
[api] << iy9030 GET /api/delegations/0x022b39bc36eacf22360f61247487e956812afe5e 304 1ms
[api] >> oba6z9 GET /api/jobs
[api] << oba6z9 GET /api/jobs 304 0ms
[api] >> cz2am2 GET /api/delegations/0x022b39bc36eacf22360f61247487e956812afe5e
[api] << cz2am2 GET /api/delegations/0x022b39bc36eacf22360f61247487e956812afe5e 304 2ms
[api] >> aljcg8 GET /api/jobs
[api] << aljcg8 GET /api/jobs 304 1ms
[api] >> ho64sh GET /api/delegations/0x022b39bc36eacf22360f61247487e956812afe5e
[api] << ho64sh GET /api/delegations/0x022b39bc36eacf22360f61247487e956812afe5e 304 2ms
[api] >> 4qt0w2 GET /api/jobs
[api] << 4qt0w2 GET /api/jobs 304 1ms
[api] >> 0ujkpt GET /api/delegations/0x022b39bc36eacf22360f61247487e956812afe5e
[api] << 0ujkpt GET /api/delegations/0x022b39bc36eacf22360f61247487e956812afe5e 304 2ms
[api] >> em8qh2 GET /api/jobs
[api] << em8qh2 GET /api/jobs 304 1ms
[api] >> 1hackq GET /api/delegations/0x022b39bc36eacf22360f61247487e956812afe5e
[api] << 1hackq GET /api/delegations/0x022b39bc36eacf22360f61247487e956812afe5e 304 3ms
[api] >> 18jaku GET /api/jobs
[api] << 18jaku GET /api/jobs 304 1ms
[api] >> qqde2n GET /api/delegations/0x022b39bc36eacf22360f61247487e956812afe5e
[api] << qqde2n GET /api/delegations/0x022b39bc36eacf22360f61247487e956812afe5e 304 1ms
[api] >> 7hgzeb GET /api/jobs
[api] << 7hgzeb GET /api/jobs 304 1ms
[api] >> 5yzdde GET /api/delegations/0x022b39bc36eacf22360f61247487e956812afe5e
[api] << 5yzdde GET /api/delegations/0x022b39bc36eacf22360f61247487e956812afe5e 304 2ms
[api] >> 2del91 GET /api/jobs
[api] << 2del91 GET /api/jobs 304 1ms
[api] >> hypss0 GET /api/delegations/0x022b39bc36eacf22360f61247487e956812afe5e
[api] << hypss0 GET /api/delegations/0x022b39bc36eacf22360f61247487e956812afe5e 304 3ms
[api] >> mkg5jh GET /api/jobs
[api] << mkg5jh GET /api/jobs 304 1ms
[api] >> bk1cn7 GET /api/delegations/0x022b39bc36eacf22360f61247487e956812afe5e
[api] << bk1cn7 GET /api/delegations/0x022b39bc36eacf22360f61247487e956812afe5e 304 2ms
[api] >> qc4353 GET /api/jobs
[api] << qc4353 GET /api/jobs 304 0ms
[api] >> dddue9 GET /api/delegations/0x022b39bc36eacf22360f61247487e956812afe5e
[api] << dddue9 GET /api/delegations/0x022b39bc36eacf22360f61247487e956812afe5e 304 1ms
[api] >> u1qn1r GET /api/jobs
[api] << u1qn1r GET /api/jobs 304 1ms
[api] >> inc9xg GET /api/delegations/0x022b39bc36eacf22360f61247487e956812afe5e
[api] << inc9xg GET /api/delegations/0x022b39bc36eacf22360f61247487e956812afe5e 304 3ms
[api] >> xdl1kr GET /api/jobs
[api] << xdl1kr GET /api/jobs 304 1ms
[api] >> 7k5ul7 GET /api/delegations/0x022b39bc36eacf22360f61247487e956812afe5e
[api] << 7k5ul7 GET /api/delegations/0x022b39bc36eacf22360f61247487e956812afe5e 304 2ms
[api] >> t4xwhi GET /api/jobs
[api] << t4xwhi GET /api/jobs 304 0ms
[api] >> 1n18vp GET /api/delegations/0x022b39bc36eacf22360f61247487e956812afe5e
[api] << 1n18vp GET /api/delegations/0x022b39bc36eacf22360f61247487e956812afe5e 304 3ms
[api] >> v84bz9 GET /api/jobs
[api] << v84bz9 GET /api/jobs 304 0ms
[api] >> t3fo34 GET /api/delegations/0x022b39bc36eacf22360f61247487e956812afe5e
[api] << t3fo34 GET /api/delegations/0x022b39bc36eacf22360f61247487e956812afe5e 304 2ms
[api] >> e8pcxc GET /api/jobs
[api] << e8pcxc GET /api/jobs 304 0ms
[api] >> 96l67o GET /api/delegations/0x022b39bc36eacf22360f61247487e956812afe5e
[api] << 96l67o GET /api/delegations/0x022b39bc36eacf22360f61247487e956812afe5e 304 0ms
[api] >> pbjz5p GET /api/jobs
[api] << pbjz5p GET /api/jobs 304 0ms
[api] >> 5lijiw GET /api/delegations/0x022b39bc36eacf22360f61247487e956812afe5e
[api] << 5lijiw GET /api/delegations/0x022b39bc36eacf22360f61247487e956812afe5e 304 2ms
[api] >> cjrgwv GET /api/jobs
[api] << cjrgwv GET /api/jobs 304 0ms
[api] >> w6anmu GET /api/delegations/0x022b39bc36eacf22360f61247487e956812afe5e
[api] << w6anmu GET /api/delegations/0x022b39bc36eacf22360f61247487e956812afe5e 304 6ms
[api] >> 9w7ivl GET /api/jobs
[api] << 9w7ivl GET /api/jobs 304 1ms
[api] >> 4foacj GET /api/delegations/0x022b39bc36eacf22360f61247487e956812afe5e
[api] << 4foacj GET /api/delegations/0x022b39bc36eacf22360f61247487e956812afe5e 304 2ms
[api] >> hcgtff GET /api/jobs
[api] << hcgtff GET /api/jobs 304 1ms
[api] >> 9h3bm5 GET /api/delegations/0x022b39bc36eacf22360f61247487e956812afe5e
[api] << 9h3bm5 GET /api/delegations/0x022b39bc36eacf22360f61247487e956812afe5e 304 1ms
[api] >> 95opem GET /api/jobs
[api] << 95opem GET /api/jobs 304 1ms
[api] >> sxcoqi GET /api/delegations/0x022b39bc36eacf22360f61247487e956812afe5e
[api] << sxcoqi GET /api/delegations/0x022b39bc36eacf22360f61247487e956812afe5e 304 2ms
[api] >> gn7kh8 GET /api/jobs
[api] << gn7kh8 GET /api/jobs 304 0ms
[api] >> ufwmsm GET /api/delegations/0x022b39bc36eacf22360f61247487e956812afe5e
[api] << ufwmsm GET /api/delegations/0x022b39bc36eacf22360f61247487e956812afe5e 304 2ms
[api] >> qiheer GET /api/jobs
[api] << qiheer GET /api/jobs 304 0ms
[api] >> labnqx GET /api/delegations/0x022b39bc36eacf22360f61247487e956812afe5e
[api] << labnqx GET /api/delegations/0x022b39bc36eacf22360f61247487e956812afe5e 304 1ms
[api] >> 1wr9j8 GET /api/jobs
[api] << 1wr9j8 GET /api/jobs 304 0ms
[api] >> h5ti9d GET /api/delegations/0x022b39bc36eacf22360f61247487e956812afe5e
[api] << h5ti9d GET /api/delegations/0x022b39bc36eacf22360f61247487e956812afe5e 304 3ms
[api] >> 4yw1ye GET /api/jobs
[api] << 4yw1ye GET /api/jobs 304 0ms
[api] >> flqpra GET /api/delegations/0x022b39bc36eacf22360f61247487e956812afe5e
[api] << flqpra GET /api/delegations/0x022b39bc36eacf22360f61247487e956812afe5e 304 2ms
[api] >> o0sqhb GET /api/jobs
[api] << o0sqhb GET /api/jobs 304 0ms
[api] >> g3holn GET /api/delegations/0x022b39bc36eacf22360f61247487e956812afe5e
[api] << g3holn GET /api/delegations/0x022b39bc36eacf22360f61247487e956812afe5e 304 2ms
[api] >> tvjqyx GET /api/jobs
[api] << tvjqyx GET /api/jobs 304 0ms
[api] >> gzhrt8 GET /api/delegations/0x022b39bc36eacf22360f61247487e956812afe5e
[api] << gzhrt8 GET /api/delegations/0x022b39bc36eacf22360f61247487e956812afe5e 304 1ms
[api] >> gzt99p GET /api/jobs
[api] << gzt99p GET /api/jobs 304 0ms
[api] >> ta6evu GET /api/delegations/0x022b39bc36eacf22360f61247487e956812afe5e
[api] << ta6evu GET /api/delegations/0x022b39bc36eacf22360f61247487e956812afe5e 304 2ms
[api] >> ssgown GET /api/jobs
[api] << ssgown GET /api/jobs 304 1ms
[api] >> tn7ciu GET /api/delegations/0x022b39bc36eacf22360f61247487e956812afe5e
[api] << tn7ciu GET /api/delegations/0x022b39bc36eacf22360f61247487e956812afe5e 304 4ms
[api] >> 4j6y6x GET /api/jobs
[api] << 4j6y6x GET /api/jobs 304 1ms
[api] >> jo5gtj GET /
[api] << jo5gtj GET / 304 4ms
[api] >> g4y4yh GET /api/delegations/0x022b39bc36eacf22360f61247487e956812afe5e
[api] << g4y4yh GET /api/delegations/0x022b39bc36eacf22360f61247487e956812afe5e 304 3ms
[api] >> l878qp GET /api/jobs
[api] << l878qp GET /api/jobs 304 0ms
